\BOOKMARK [1][-]{section.1}{\376\377\000P\000u\000r\000p\000o\000s\000e\000\040\000o\000f\000\040\000t\000h\000i\000s\000\040\000d\000o\000c\000u\000m\000e\000n\000t}{}% 1
\BOOKMARK [1][-]{section.2}{\376\377\000S\000y\000s\000t\000e\000m\000\040\000s\000u\000m\000m\000a\000r\000y}{}% 2
\BOOKMARK [1][-]{section.3}{\376\377\000T\000e\000c\000h\000n\000o\000l\000o\000g\000y\000\040\000s\000t\000a\000c\000k}{}% 3
\BOOKMARK [1][-]{section.4}{\376\377\000R\000e\000p\000o\000s\000i\000t\000o\000r\000y\000\040\000l\000a\000y\000o\000u\000t}{}% 4
\BOOKMARK [2][-]{subsection.4.1}{\376\377\000M\000a\000i\000n\000\040\000f\000o\000l\000d\000e\000r\000s}{section.4}% 5
\BOOKMARK [2][-]{subsection.4.2}{\376\377\000I\000m\000p\000o\000r\000t\000a\000n\000t\000\040\000a\000p\000p\000l\000i\000c\000a\000t\000i\000o\000n\000\040\000s\000u\000b\000f\000o\000l\000d\000e\000r\000s}{section.4}% 6
\BOOKMARK [1][-]{section.5}{\376\377\000A\000p\000p\000l\000i\000c\000a\000t\000i\000o\000n\000\040\000l\000a\000y\000o\000u\000t\000\040\000a\000n\000d\000\040\000n\000a\000v\000i\000g\000a\000t\000i\000o\000n}{}% 7
\BOOKMARK [2][-]{subsection.5.1}{\376\377\000P\000u\000b\000l\000i\000c\000\040\000a\000r\000e\000a}{section.5}% 8
\BOOKMARK [2][-]{subsection.5.2}{\376\377\000P\000r\000o\000t\000e\000c\000t\000e\000d\000\040\000w\000o\000r\000k\000s\000p\000a\000c\000e}{section.5}% 9
\BOOKMARK [2][-]{subsection.5.3}{\376\377\000M\000a\000i\000n\000\040\000p\000a\000g\000e\000\040\000r\000o\000u\000t\000e\000s}{section.5}% 10
\BOOKMARK [2][-]{subsection.5.4}{\376\377\000A\000P\000I\000\040\000r\000o\000u\000t\000e\000\040\000g\000r\000o\000u\000p\000s}{section.5}% 11
\BOOKMARK [1][-]{section.6}{\376\377\000U\000s\000e\000r\000\040\000r\000o\000l\000e\000s\000\040\000a\000n\000d\000\040\000a\000c\000c\000e\000s\000s\000\040\000m\000o\000d\000e\000l}{}% 12
\BOOKMARK [2][-]{subsection.6.1}{\376\377\000R\000o\000l\000e\000\040\000m\000o\000d\000e\000l}{section.6}% 13
\BOOKMARK [2][-]{subsection.6.2}{\376\377\000A\000u\000t\000h\000e\000n\000t\000i\000c\000a\000t\000i\000o\000n\000\040\000f\000l\000o\000w}{section.6}% 14
\BOOKMARK [2][-]{subsection.6.3}{\376\377\000A\000u\000t\000h\000o\000r\000i\000s\000a\000t\000i\000o\000n\000\040\000m\000o\000d\000e\000l}{section.6}% 15
\BOOKMARK [1][-]{section.7}{\376\377\000M\000a\000i\000n\000\040\000f\000u\000n\000c\000t\000i\000o\000n\000a\000l\000\040\000a\000r\000e\000a\000s}{}% 16
\BOOKMARK [2][-]{subsection.7.1}{\376\377\000R\000e\000g\000i\000s\000t\000r\000a\000t\000i\000o\000n\000\040\000a\000n\000d\000\040\000a\000c\000c\000o\000u\000n\000t\000\040\000a\000p\000p\000r\000o\000v\000a\000l}{section.7}% 17
\BOOKMARK [2][-]{subsection.7.2}{\376\377\000P\000r\000o\000f\000i\000l\000e\000\040\000m\000a\000n\000a\000g\000e\000m\000e\000n\000t}{section.7}% 18
\BOOKMARK [2][-]{subsection.7.3}{\376\377\000M\000o\000b\000i\000l\000i\000t\000y\000\040\000c\000a\000s\000e\000\040\000m\000a\000n\000a\000g\000e\000m\000e\000n\000t}{section.7}% 19
\BOOKMARK [2][-]{subsection.7.4}{\376\377\000D\000o\000c\000u\000m\000e\000n\000t\000\040\000h\000a\000n\000d\000l\000i\000n\000g}{section.7}% 20
\BOOKMARK [2][-]{subsection.7.5}{\376\377\000O\000f\000f\000i\000c\000e\000r\000\040\000r\000e\000v\000i\000e\000w\000\040\000w\000o\000r\000k\000f\000l\000o\000w}{section.7}% 21
\BOOKMARK [2][-]{subsection.7.6}{\376\377\000R\000e\000p\000o\000r\000t\000i\000n\000g\000\040\000a\000n\000d\000\040\000C\000S\000V\000\040\000e\000x\000p\000o\000r\000t}{section.7}% 22
\BOOKMARK [2][-]{subsection.7.7}{\376\377\000A\000u\000d\000i\000t\000\040\000l\000o\000g\000g\000i\000n\000g}{section.7}% 23
\BOOKMARK [1][-]{section.8}{\376\377\000D\000a\000t\000a\000\040\000m\000o\000d\000e\000l\000\040\000o\000v\000e\000r\000v\000i\000e\000w}{}% 24
\BOOKMARK [2][-]{subsection.8.1}{\376\377\000C\000o\000r\000e\000\040\000e\000n\000t\000i\000t\000i\000e\000s}{section.8}% 25
\BOOKMARK [2][-]{subsection.8.2}{\376\377\000I\000m\000p\000o\000r\000t\000a\000n\000t\000\040\000d\000e\000s\000i\000g\000n\000\040\000c\000h\000o\000i\000c\000e\000s}{section.8}% 26
\BOOKMARK [1][-]{section.9}{\376\377\000D\000o\000c\000u\000m\000e\000n\000t\000\040\000s\000t\000o\000r\000a\000g\000e\000\040\000a\000n\000d\000\040\000p\000r\000i\000v\000a\000t\000e\000\040\000d\000o\000w\000n\000l\000o\000a\000d\000s}{}% 27
\BOOKMARK [1][-]{section.10}{\376\377\000V\000a\000l\000i\000d\000a\000t\000i\000o\000n\000\040\000a\000n\000d\000\040\000s\000e\000c\000u\000r\000i\000t\000y\000\040\000m\000o\000d\000e\000l}{}% 28
\BOOKMARK [2][-]{subsection.10.1}{\376\377\000V\000a\000l\000i\000d\000a\000t\000i\000o\000n}{section.10}% 29
\BOOKMARK [2][-]{subsection.10.2}{\376\377\000C\000u\000r\000r\000e\000n\000t\000\040\000s\000e\000c\000u\000r\000i\000t\000y\000\040\000c\000o\000n\000t\000r\000o\000l\000s}{section.10}% 30
\BOOKMARK [2][-]{subsection.10.3}{\376\377\000C\000u\000r\000r\000e\000n\000t\000\040\000s\000e\000c\000u\000r\000i\000t\000y\000\040\000l\000i\000m\000i\000t\000s}{section.10}% 31
\BOOKMARK [1][-]{section.11}{\376\377\000T\000e\000s\000t\000i\000n\000g\000\040\000a\000n\000d\000\040\000q\000u\000a\000l\000i\000t\000y}{}% 32
\BOOKMARK [1][-]{section.12}{\376\377\000L\000o\000c\000a\000l\000\040\000i\000n\000s\000t\000a\000l\000l\000a\000t\000i\000o\000n\000\040\000o\000n\000\040\000a\000n\000o\000t\000h\000e\000r\000\040\000m\000a\000c\000h\000i\000n\000e}{}% 33
\BOOKMARK [2][-]{subsection.12.1}{\376\377\000P\000r\000e\000r\000e\000q\000u\000i\000s\000i\000t\000e\000s}{section.12}% 34
\BOOKMARK [2][-]{subsection.12.2}{\376\377\000C\000o\000n\000f\000i\000g\000u\000r\000a\000t\000i\000o\000n\000\040\000f\000i\000l\000e\000s}{section.12}% 35
\BOOKMARK [2][-]{subsection.12.3}{\376\377\000F\000i\000r\000s\000t\000-\000t\000i\000m\000e\000\040\000l\000o\000c\000a\000l\000\040\000s\000t\000a\000r\000t\000u\000p}{section.12}% 36
\BOOKMARK [2][-]{subsection.12.4}{\376\377\000I\000m\000p\000o\000r\000t\000a\000n\000t\000\040\000e\000n\000v\000i\000r\000o\000n\000m\000e\000n\000t\000\040\000v\000a\000l\000u\000e\000s}{section.12}% 37
\BOOKMARK [2][-]{subsection.12.5}{\376\377\000S\000e\000e\000d\000\040\000d\000a\000t\000a}{section.12}% 38
\BOOKMARK [1][-]{section.13}{\376\377\000D\000e\000p\000l\000o\000y\000m\000e\000n\000t\000\040\000p\000r\000o\000c\000e\000s\000s\000\040\000o\000n\000\040\000a\000n\000o\000t\000h\000e\000r\000\040\000i\000n\000t\000e\000r\000n\000a\000l\000\040\000s\000y\000s\000t\000e\000m}{}% 39
\BOOKMARK [2][-]{subsection.13.1}{\376\377\000W\000h\000a\000t\000\040\000t\000h\000e\000\040\000r\000e\000p\000o\000s\000i\000t\000o\000r\000y\000\040\000a\000l\000r\000e\000a\000d\000y\000\040\000s\000u\000p\000p\000o\000r\000t\000s}{section.13}% 40
\BOOKMARK [2][-]{subsection.13.2}{\376\377\000C\000u\000r\000r\000e\000n\000t\000\040\000r\000e\000c\000o\000m\000m\000e\000n\000d\000e\000d\000\040\000d\000e\000p\000l\000o\000y\000m\000e\000n\000t\000\040\000m\000o\000d\000e\000l}{section.13}% 41
\BOOKMARK [2][-]{subsection.13.3}{\376\377\000D\000e\000p\000l\000o\000y\000m\000e\000n\000t\000\040\000s\000e\000q\000u\000e\000n\000c\000e}{section.13}% 42
\BOOKMARK [2][-]{subsection.13.4}{\376\377\000P\000r\000o\000d\000u\000c\000t\000i\000o\000n\000-\000l\000i\000k\000e\000\040\000c\000o\000m\000m\000a\000n\000d\000s}{section.13}% 43
\BOOKMARK [2][-]{subsection.13.5}{\376\377\000O\000p\000t\000i\000o\000n\000a\000l\000\040\000d\000e\000m\000o\000\040\000s\000e\000t\000u\000p}{section.13}% 44
\BOOKMARK [2][-]{subsection.13.6}{\376\377\000W\000h\000a\000t\000\040\000i\000s\000\040\000n\000o\000t\000\040\000y\000e\000t\000\040\000i\000n\000c\000l\000u\000d\000e\000d\000\040\000i\000n\000\040\000t\000h\000e\000\040\000r\000e\000p\000o\000s\000i\000t\000o\000r\000y}{section.13}% 45
\BOOKMARK [1][-]{section.14}{\376\377\000O\000p\000e\000r\000a\000t\000i\000o\000n\000a\000l\000\040\000n\000o\000t\000e\000s\000\040\000f\000o\000r\000\040\000m\000a\000i\000n\000t\000a\000i\000n\000e\000r\000s}{}% 46
\BOOKMARK [2][-]{subsection.14.1}{\376\377\000D\000a\000t\000a\000b\000a\000s\000e}{section.14}% 47
\BOOKMARK [2][-]{subsection.14.2}{\376\377\000S\000t\000o\000r\000a\000g\000e}{section.14}% 48
\BOOKMARK [2][-]{subsection.14.3}{\376\377\000E\000x\000t\000e\000r\000n\000a\000l\000\040\000t\000e\000m\000p\000o\000r\000a\000r\000y\000\040\000a\000c\000c\000e\000s\000s}{section.14}% 49
\BOOKMARK [1][-]{section.15}{\376\377\000C\000u\000r\000r\000e\000n\000t\000\040\000l\000i\000m\000i\000t\000a\000t\000i\000o\000n\000s\000\040\000a\000n\000d\000\040\000s\000c\000o\000p\000e\000\040\000b\000o\000u\000n\000d\000a\000r\000i\000e\000s}{}% 50
\BOOKMARK [1][-]{section.16}{\376\377\000R\000e\000c\000o\000m\000m\000e\000n\000d\000e\000d\000\040\000t\000e\000c\000h\000n\000i\000c\000a\000l\000\040\000d\000e\000m\000o\000\040\000f\000l\000o\000w}{}% 51
\BOOKMARK [1][-]{section.17}{\376\377\000C\000o\000n\000c\000l\000u\000s\000i\000o\000n}{}% 52
